
PROGRAM "Lab4.abs"

*********************************************************************************************
TARGET SECTION
---------------------------------------------------------------------------------------------
Processor   : Freescale HC08
Memory Model: SMALL
File Format : ELF\DWARF 2.0
Linker      : SmartLinker V-5.0.51 Build 14019, Jan 20 2014

*********************************************************************************************
FILE SECTION
---------------------------------------------------------------------------------------------
main_asm.obj                            Model: SMALL,         Lang: Assembler

*********************************************************************************************
STARTUP SECTION
---------------------------------------------------------------------------------------------
Entry point: 0xE014 (_Startup)

*********************************************************************************************
SECTION-ALLOCATION SECTION
Section Name                    Size  Type     From       To       Segment
---------------------------------------------------------------------------------------------
.init                            183     R     0xE000     0xE0B6   ROM
.rodata                            4     R     0xE0B7     0xE0BA   ROM
MY_ZEROPAGE                        1   R/W       0x60       0x60   Z_RAM
.stack                            64   R/W      0x100      0x13F   RAM
.vectSeg0_vect                     2     R     0xFFD0     0xFFD1   .vectSeg0
.vectSeg1_vect                     2     R     0xFFDA     0xFFDB   .vectSeg1
.vectSeg2_vect                     2     R     0xFFFA     0xFFFB   .vectSeg2
.vectSeg3_vect                     2     R     0xFFFE     0xFFFF   .vectSeg3

Summary of section sizes per section type:
READ_ONLY (R):          C3 (dec:      195)
READ_WRITE (R/W):       41 (dec:       65)

*********************************************************************************************
VECTOR-ALLOCATION SECTION
    Address     InitValue   InitFunction
---------------------------------------------------------------------------------------------
     0xFFD0        0xE097   RTI_ISR
     0xFFDA        0xE04A   KBI_ISR
     0xFFFA        0xE041   IRQ_ISR
     0xFFFE        0xE014   _Startup

*********************************************************************************************
OBJECT-ALLOCATION SECTION
     Name               Module                 Addr   hSize   dSize     Ref    Section   RLIB
---------------------------------------------------------------------------------------------
MODULE:                 -- main_asm.obj --
- PROCEDURES:
     irq_cfg                                   E000       4       4       1   .init       
     kbi_cfg                                   E004       A      10       1   .init       
     rti_cfg                                   E00E       6       6       1   .init       
     _Startup                                  E014      28      40       0   .init       
     main                                      E014       0       0       0   .init       
     mainLoop                                  E03C       5       5       0   .init       
     IRQ_ISR                                   E041       9       9       0   .init       
     KBI_ISR                                   E04A       D      13       0   .init       
     bajar                                     E057      10      16       0   .init       
     vueltab                                   E067      10      16       0   .init       
     subir                                     E077      10      16       0   .init       
     vueltaa                                   E087      10      16       0   .init       
     RTI_ISR                                   E097      11      17       0   .init       
     rt0                                       E0A8       3       3       0   .init       
     rt1                                       E0AB       3       3       0   .init       
     rt2                                       E0AE       9       9       0   .init       
- VARIABLES:
     pisos                                     E0B7       4       4       4   .rodata     
     actual                                      60       1       1       6   MY_ZEROPAGE 
- LABELS:
     __SEG_END_SSTACK                           140       0       0       1               

*********************************************************************************************
MODULE STATISTIC
  Name                                      Data   Code  Const
---------------------------------------------------------------------------------------------
  main_asm.obj                                 1    183      4
  other                                       64      8      0

*********************************************************************************************
SECTION USE IN OBJECT-ALLOCATION SECTION
---------------------------------------------------------------------------------------------
SECTION: ".init"
  irq_cfg kbi_cfg rti_cfg main _Startup mainLoop IRQ_ISR KBI_ISR bajar vueltab 
  subir vueltaa RTI_ISR rt0 rt1 rt2 
SECTION: ".rodata"
  pisos 
SECTION: "MY_ZEROPAGE"
  actual 

*********************************************************************************************
OBJECT LIST SORTED BY ADDRESS
     Name                                      Addr   hSize   dSize     Ref    Section   RLIB
---------------------------------------------------------------------------------------------
     actual                                      60       1       1       6   MY_ZEROPAGE 
     irq_cfg                                   E000       4       4       1   .init       
     kbi_cfg                                   E004       A      10       1   .init       
     rti_cfg                                   E00E       6       6       1   .init       
     main                                      E014       0       0       0   .init       
     _Startup                                  E014      28      40       0   .init       
     mainLoop                                  E03C       5       5       0   .init       
     IRQ_ISR                                   E041       9       9       0   .init       
     KBI_ISR                                   E04A       D      13       0   .init       
     bajar                                     E057      10      16       0   .init       
     vueltab                                   E067      10      16       0   .init       
     subir                                     E077      10      16       0   .init       
     vueltaa                                   E087      10      16       0   .init       
     RTI_ISR                                   E097      11      17       0   .init       
     rt0                                       E0A8       3       3       0   .init       
     rt1                                       E0AB       3       3       0   .init       
     rt2                                       E0AE       9       9       0   .init       
     pisos                                     E0B7       4       4       4   .rodata     

*********************************************************************************************
UNUSED-OBJECTS SECTION
---------------------------------------------------------------------------------------------

*********************************************************************************************
COPYDOWN SECTION
---------------------------------------------------------------------------------------------

*********************************************************************************************
OBJECT-DEPENDENCIES SECTION
---------------------------------------------------------------------------------------------
_Startup                  USES __SEG_END_SSTACK actual irq_cfg kbi_cfg rti_cfg 
KBI_ISR                   USES actual 
bajar                     USES pisos actual 
vueltab                   USES pisos actual 
subir                     USES pisos actual 
vueltaa                   USES pisos actual 

*********************************************************************************************
DEPENDENCY TREE
*********************************************************************************************
 main and _Startup Group
 | 
 +- main                
 |    
 +- _Startup            
    | 
    +- irq_cfg             
    |    
    +- kbi_cfg             
    |    
    +- rti_cfg             
         
 KBI_ISR             
   
*********************************************************************************************
STATISTIC SECTION
---------------------------------------------------------------------------------------------

ExeFile:
--------
Number of blocks to be downloaded: 6
Total size of all blocks to be downloaded: 195

