
PROGRAM "Lab4.abs"

*********************************************************************************************
TARGET SECTION
---------------------------------------------------------------------------------------------
Processor   : Freescale HC08
Memory Model: SMALL
File Format : ELF\DWARF 2.0
Linker      : SmartLinker V-5.0.51 Build 14019, Jan 20 2014

*********************************************************************************************
FILE SECTION
---------------------------------------------------------------------------------------------
main_asm.obj                            Model: SMALL,         Lang: Assembler

*********************************************************************************************
STARTUP SECTION
---------------------------------------------------------------------------------------------
Entry point: 0xE014 (_Startup)

*********************************************************************************************
SECTION-ALLOCATION SECTION
Section Name                    Size  Type     From       To       Segment
---------------------------------------------------------------------------------------------
.init                            408     R     0xE000     0xE197   ROM
.rodata                            8     R     0xE198     0xE19F   ROM
MY_ZEROPAGE                        2   R/W       0x60       0x61   Z_RAM
.stack                            64   R/W      0x100      0x13F   RAM
.vectSeg0_vect                     2     R     0xFFD0     0xFFD1   .vectSeg0
.vectSeg1_vect                     2     R     0xFFDA     0xFFDB   .vectSeg1
.vectSeg2_vect                     2     R     0xFFFA     0xFFFB   .vectSeg2
.vectSeg3_vect                     2     R     0xFFFE     0xFFFF   .vectSeg3

Summary of section sizes per section type:
READ_ONLY (R):         1A8 (dec:      424)
READ_WRITE (R/W):       42 (dec:       66)

*********************************************************************************************
VECTOR-ALLOCATION SECTION
    Address     InitValue   InitFunction
---------------------------------------------------------------------------------------------
     0xFFD0        0xE183   RTI_ISR
     0xFFDA        0xE14F   KBI_ISR
     0xFFFA        0xE105   IRQ_ISR
     0xFFFE        0xE014   _Startup

*********************************************************************************************
OBJECT-ALLOCATION SECTION
     Name               Module                 Addr   hSize   dSize     Ref    Section   RLIB
---------------------------------------------------------------------------------------------
MODULE:                 -- main_asm.obj --
- PROCEDURES:
     irq_cfg                                   E000       4       4       1   .init       
     kbi_cfg                                   E004       A      10       1   .init       
     rti_cfg                                   E00E       6       6       1   .init       
     _Startup                                  E014      33      51       0   .init       
     main                                      E014       0       0       0   .init       
     mainLoop                                  E047      12      18       2   .init       
     RTI_ISR2                                  E059      18      24       0   .init       
     KBI_ISR2                                  E071       A      10       0   .init       
     salida2                                   E07B       5       5       0   .init       
     bajar2                                    E080       7       7       0   .init       
     vueltab2                                  E087       6       6       0   .init       
     movimiento2                               E08D       D      13       0   .init       
     subir2                                    E09A       7       7       0   .init       
     vueltaa2                                  E0A1       6       6       0   .init       
     IRQ_ISR2                                  E0A7       8       8       0   .init       
     compare2                                  E0AF       A      10       0   .init       
     igual2                                    E0B9       B      11       0   .init       
     salir2                                    E0C4       6       6       0   .init       
     decremento2                               E0CA       7       7       0   .init       
     vdec2                                     E0D1       6       6       0   .init       
     tran2                                     E0D7      10      16       0   .init       
     incremento2                               E0E7       7       7       0   .init       
     vinc2                                     E0EE       6       6       0   .init       
     retardo                                   E0F4       2       2       3   .init       
     rt0                                       E0F6       3       3       0   .init       
     rt1                                       E0F9       3       3       0   .init       
     rt2                                       E0FC       9       9       0   .init       
     IRQ_ISR                                   E105       8       8       0   .init       
     compare                                   E10D       A      10       0   .init       
     igual                                     E117       B      11       0   .init       
     salir                                     E122       3       3       0   .init       
     decremento                                E125       7       7       0   .init       
     vdec                                      E12C       6       6       0   .init       
     tran                                      E132      10      16       0   .init       
     incremento                                E142       7       7       0   .init       
     vinc                                      E149       6       6       0   .init       
     KBI_ISR                                   E14F       A      10       0   .init       
     salida                                    E159       3       3       0   .init       
     bajar                                     E15C       7       7       0   .init       
     vueltab                                   E163       6       6       0   .init       
     movimiento                                E169       D      13       0   .init       
     subir                                     E176       7       7       0   .init       
     vueltaa                                   E17D       6       6       0   .init       
     RTI_ISR                                   E183      15      21       0   .init       
- VARIABLES:
     pisos                                     E198       4       4       2   .rodata     
     actuales                                  E19C       4       4       2   .rodata     
     destino                                     60       1       1      15   MY_ZEROPAGE 
     actual                                      61       1       1      15   MY_ZEROPAGE 
- LABELS:
     __SEG_END_SSTACK                           140       0       0       1               

*********************************************************************************************
MODULE STATISTIC
  Name                                      Data   Code  Const
---------------------------------------------------------------------------------------------
  main_asm.obj                                 2    408      8
  other                                       64      8      0

*********************************************************************************************
SECTION USE IN OBJECT-ALLOCATION SECTION
---------------------------------------------------------------------------------------------
SECTION: ".init"
  irq_cfg kbi_cfg rti_cfg main _Startup mainLoop RTI_ISR2 KBI_ISR2 salida2 
  bajar2 vueltab2 movimiento2 subir2 vueltaa2 IRQ_ISR2 compare2 igual2 salir2 
  decremento2 vdec2 tran2 incremento2 vinc2 retardo rt0 rt1 rt2 IRQ_ISR compare 
  igual salir decremento vdec tran incremento vinc KBI_ISR salida bajar vueltab 
  movimiento subir vueltaa RTI_ISR 
SECTION: ".rodata"
  pisos actuales 
SECTION: "MY_ZEROPAGE"
  destino actual 

*********************************************************************************************
OBJECT LIST SORTED BY ADDRESS
     Name                                      Addr   hSize   dSize     Ref    Section   RLIB
---------------------------------------------------------------------------------------------
     destino                                     60       1       1      15   MY_ZEROPAGE 
     actual                                      61       1       1      15   MY_ZEROPAGE 
     irq_cfg                                   E000       4       4       1   .init       
     kbi_cfg                                   E004       A      10       1   .init       
     rti_cfg                                   E00E       6       6       1   .init       
     main                                      E014       0       0       0   .init       
     _Startup                                  E014      33      51       0   .init       
     mainLoop                                  E047      12      18       2   .init       
     RTI_ISR2                                  E059      18      24       0   .init       
     KBI_ISR2                                  E071       A      10       0   .init       
     salida2                                   E07B       5       5       0   .init       
     bajar2                                    E080       7       7       0   .init       
     vueltab2                                  E087       6       6       0   .init       
     movimiento2                               E08D       D      13       0   .init       
     subir2                                    E09A       7       7       0   .init       
     vueltaa2                                  E0A1       6       6       0   .init       
     IRQ_ISR2                                  E0A7       8       8       0   .init       
     compare2                                  E0AF       A      10       0   .init       
     igual2                                    E0B9       B      11       0   .init       
     salir2                                    E0C4       6       6       0   .init       
     decremento2                               E0CA       7       7       0   .init       
     vdec2                                     E0D1       6       6       0   .init       
     tran2                                     E0D7      10      16       0   .init       
     incremento2                               E0E7       7       7       0   .init       
     vinc2                                     E0EE       6       6       0   .init       
     retardo                                   E0F4       2       2       3   .init       
     rt0                                       E0F6       3       3       0   .init       
     rt1                                       E0F9       3       3       0   .init       
     rt2                                       E0FC       9       9       0   .init       
     IRQ_ISR                                   E105       8       8       0   .init       
     compare                                   E10D       A      10       0   .init       
     igual                                     E117       B      11       0   .init       
     salir                                     E122       3       3       0   .init       
     decremento                                E125       7       7       0   .init       
     vdec                                      E12C       6       6       0   .init       
     tran                                      E132      10      16       0   .init       
     incremento                                E142       7       7       0   .init       
     vinc                                      E149       6       6       0   .init       
     KBI_ISR                                   E14F       A      10       0   .init       
     salida                                    E159       3       3       0   .init       
     bajar                                     E15C       7       7       0   .init       
     vueltab                                   E163       6       6       0   .init       
     movimiento                                E169       D      13       0   .init       
     subir                                     E176       7       7       0   .init       
     vueltaa                                   E17D       6       6       0   .init       
     RTI_ISR                                   E183      15      21       0   .init       
     pisos                                     E198       4       4       2   .rodata     
     actuales                                  E19C       4       4       2   .rodata     

*********************************************************************************************
UNUSED-OBJECTS SECTION
---------------------------------------------------------------------------------------------

*********************************************************************************************
COPYDOWN SECTION
---------------------------------------------------------------------------------------------

*********************************************************************************************
OBJECT-DEPENDENCIES SECTION
---------------------------------------------------------------------------------------------
_Startup                  USES __SEG_END_SSTACK retardo destino actual irq_cfg 
                                kbi_cfg rti_cfg 
RTI_ISR2                  USES mainLoop 
bajar2                    USES destino 
vueltab2                  USES destino 
movimiento2               USES destino pisos 
subir2                    USES destino 
vueltaa2                  USES destino 
IRQ_ISR2                  USES destino actual 
compare2                  USES destino actual 
salir2                    USES mainLoop 
decremento2               USES actual 
vdec2                     USES actual 
tran2                     USES actual actuales retardo 
incremento2               USES actual 
vinc2                     USES actual 
IRQ_ISR                   USES destino actual 
compare                   USES destino actual 
decremento                USES actual 
vdec                      USES actual 
tran                      USES actual actuales retardo 
incremento                USES actual 
vinc                      USES actual 
bajar                     USES destino 
vueltab                   USES destino 
movimiento                USES destino pisos 
subir                     USES destino 
vueltaa                   USES destino 

*********************************************************************************************
DEPENDENCY TREE
*********************************************************************************************
 main and _Startup Group
 | 
 +- main                
 |    
 +- _Startup            
    | 
    +- retardo             
    |    
    +- irq_cfg             
    |    
    +- kbi_cfg             
    |    
    +- rti_cfg             
         
 IRQ_ISR             
   
*********************************************************************************************
STATISTIC SECTION
---------------------------------------------------------------------------------------------

ExeFile:
--------
Number of blocks to be downloaded: 5
Total size of all blocks to be downloaded: 424

